PS C:\Users\user\OneDrive\デスクトップ\git_challenge> git clone git@github.com:miyagawa-1869/git-basic-kadai.git "C:\Users\user\OneDrive\デスクトップ\git_challenge"
Cloning into 'C:\Users\user\OneDrive\デスクトップ\git_challenge'...
Enter passphrase for key '/c/Users/user/.ssh/id_rsa':
warning: You appear to have cloned an empty repository.
PS C:\Users\user\OneDrive\デスクトップ\git_challenge>
PS C:\Users\user\OneDrive\デスクトップ\git_challenge> 
PS C:\Users\user\OneDrive\デスクトップ\git_challenge> git commit -m"hello,world.txtを追加"
On branch main

Initial commit

Untracked files:
  (use "git add <file>..." to include in what will be committed)
        hello_world.txt

nothing added to commit but untracked files present (use "git add" to track)
PS C:\Users\user\OneDrive\デスクトップ\git_challenge> git add .
PS C:\Users\user\OneDrive\デスクトップ\git_challenge> 
PS C:\Users\user\OneDrive\デスクトップ\git_challenge>
PS C:\Users\user\OneDrive\デスクトップ\git_challenge> git log
fatal: your current branch 'main' does not have any commits yet
PS C:\Users\user\OneDrive\デスクトップ\git_challenge> git commit -m"hello,world.txtを追加"
[main (root-commit) 734bcac] hello,world.txtを追加
 1 file changed, 1 insertion(+)
 create mode 100644 hello_world.txt
PS C:\Users\user\OneDrive\デスクトップ\git_challenge> git add .
PS C:\Users\user\OneDrive\デスクトップ\git_challenge> 
PS C:\Users\user\OneDrive\デスクトップ\git_challenge>

PS C:\Users\user\OneDrive\デスクトップ\git_challenge> git add .
PS C:\Users\user\OneDrive\デスクトップ\git_challenge> git commit -m "日本語訳の追記"
[main 10c4056] 日本語訳の追記
 1 file changed, 2 insertions(+), 1 deletion(-)

PS C:\Users\user\OneDrive\デスクトップ\git_challenge> git log --oneline
10c4056 (HEAD -> main) 日本語訳の追記
734bcac hello,world.txtを追加

PS C:\Users\user\OneDrive\デスクトップ\git_challenge> 
PS C:\Users\user\OneDrive\デスクトップ\git_challenge> git push