PS C:\Users\user\OneDrive\デスクトップ\git_challenge> git commit -m"hello,world.txtを追加"
[main (root-commit) 734bcac] hello,world.txtを追加
 1 file changed, 1 insertion(+)
 create mode 100644 hello_world.txt

PS C:\Users\user\OneDrive\デスクトップ\git_challenge> git add .
PS C:\Users\user\OneDrive\デスクトップ\git_challenge> git commit -m "日本語訳の追記"
[main 10c4056] 日本語訳の追記
 1 file changed, 2 insertions(+), 1 deletion(-)

PS C:\Users\user\OneDrive\デスクトップ\git_challenge> git log --oneline
10c4056 (HEAD -> main) 日本語訳の追記
734bcac hello,world.txtを追加
PS C:\Users\user\OneDrive\デスクトップ\git_challenge> 